/capstor/scratch/cscs/ybudanaz/dace/dace/codegen/targets/cuda.py:1873: UserWarning: No `gpu_block_size` property specified on map "kernel_21". Falling back to the configuration entry `compiler.cuda.default_block_size`: 64,1,1. You can either specify the block size to use with the gpu_block_size property, or by adding nested `GPU_ThreadBlock` maps, which map work to individual threads. For more information, see https://spcldace.readthedocs.io/en/latest/optimization/gpu.html
  warnings.warn(
/capstor/scratch/cscs/ybudanaz/dace/dace/codegen/targets/cuda.py:1873: UserWarning: No `gpu_block_size` property specified on map "transpose_impl". Falling back to the configuration entry `compiler.cuda.default_block_size`: 64,1,1. You can either specify the block size to use with the gpu_block_size property, or by adding nested `GPU_ThreadBlock` maps, which map work to individual threads. For more information, see https://spcldace.readthedocs.io/en/latest/optimization/gpu.html
  warnings.warn(
Traceback (most recent call last):
  File "/capstor/scratch/cscs/ybudanaz/dace/dace/codegen/compiler.py", line 245, in configure_and_compile
    _run_liveoutput("cmake --build . --config %s" % (Config.get('compiler', 'build_type')),
  File "/capstor/scratch/cscs/ybudanaz/dace/dace/codegen/compiler.py", line 429, in _run_liveoutput
    raise subprocess.CalledProcessError(process.returncode, command, output.getvalue())
subprocess.CalledProcessError: Command 'cmake --build . --config RelWithDebInfo' returned non-zero exit status 2.

During handling of the above exception, another exception occurred:

Traceback (most recent call last):
  File "/capstor/scratch/cscs/ybudanaz/LayoutArtifacts/SemiStructuredStencil/unstructured_stencil_3d_u_s_u_v2_dace.py", line 196, in <module>
    sdfg(vals_A=vals_A2, vals_B=vals_B2, neighbors=neighbors, N=_N, TSTEPS=_TSTEPS)
  File "/capstor/scratch/cscs/ybudanaz/dace/dace/sdfg/sdfg.py", line 2472, in __call__
    binaryobj = sdfg.compile()
                ^^^^^^^^^^^^^^
  File "/capstor/scratch/cscs/ybudanaz/dace/dace/sdfg/sdfg.py", line 2396, in compile
    shared_library = compiler.configure_and_compile(program_folder, sdfg.name)
                     ^^^^^^^^^^^^^^^^^^^^^^^^^^^^^^^^^^^^^^^^^^^^^^^^^^^^^^^^^
  File "/capstor/scratch/cscs/ybudanaz/dace/dace/codegen/compiler.py", line 254, in configure_and_compile
    raise cgx.CompilationError('Compiler failure:\n' + ex.output)
dace.codegen.exceptions.CompilationError: Compiler failure:
[ 20%] Building CXX object CMakeFiles/kernel.dir/capstor/scratch/cscs/ybudanaz/LayoutArtifacts/SemiStructuredStencil/.dacecache/kernel_ed6d90b5e599e664f31705422e730136/src/cpu/kernel.cpp.o
/capstor/scratch/cscs/ybudanaz/LayoutArtifacts/SemiStructuredStencil/.dacecache/kernel_ed6d90b5e599e664f31705422e730136/src/cpu/kernel.cpp:32:13: warning: ignoring return value of function declared with 'nodiscard' attribute [-Wunused-result]
   32 |             hipEventCreate(&__dace_ev_b1_0_0);
      |             ^~~~~~~~~~~~~~ ~~~~~~~~~~~~~~~~~
/capstor/scratch/cscs/ybudanaz/LayoutArtifacts/SemiStructuredStencil/.dacecache/kernel_ed6d90b5e599e664f31705422e730136/src/cpu/kernel.cpp:34:13: warning: ignoring return value of function declared with 'nodiscard' attribute [-Wunused-result]
   34 |             hipEventCreate(&__dace_ev_e1_0_0);
      |             ^~~~~~~~~~~~~~ ~~~~~~~~~~~~~~~~~
/capstor/scratch/cscs/ybudanaz/LayoutArtifacts/SemiStructuredStencil/.dacecache/kernel_ed6d90b5e599e664f31705422e730136/src/cpu/kernel.cpp:35:13: warning: ignoring return value of function declared with 'nodiscard' attribute [-Wunused-result]
   35 |             hipEventRecord(__dace_ev_b1_0_0, __state->gpu_context->streams[0]);
      |             ^~~~~~~~~~~~~~ ~~~~~~~~~~~~~~~~~~~~~~~~~~~~~~~~~~~~~~~~~~~~~~~~~~
/capstor/scratch/cscs/ybudanaz/LayoutArtifacts/SemiStructuredStencil/.dacecache/kernel_ed6d90b5e599e664f31705422e730136/src/cpu/kernel.cpp:37:13: warning: ignoring return value of function declared with 'nodiscard' attribute [-Wunused-result]
   37 |             hipEventRecord(__dace_ev_e1_0_0, __state->gpu_context->streams[0]);
      |             ^~~~~~~~~~~~~~ ~~~~~~~~~~~~~~~~~~~~~~~~~~~~~~~~~~~~~~~~~~~~~~~~~~
/capstor/scratch/cscs/ybudanaz/LayoutArtifacts/SemiStructuredStencil/.dacecache/kernel_ed6d90b5e599e664f31705422e730136/src/cpu/kernel.cpp:39:13: warning: ignoring return value of function declared with 'nodiscard' attribute [-Wunused-result]
   39 |             hipEventSynchronize(__dace_ev_e1_0_0);
      |             ^~~~~~~~~~~~~~~~~~~ ~~~~~~~~~~~~~~~~
/capstor/scratch/cscs/ybudanaz/LayoutArtifacts/SemiStructuredStencil/.dacecache/kernel_ed6d90b5e599e664f31705422e730136/src/cpu/kernel.cpp:40:13: warning: ignoring return value of function declared with 'nodiscard' attribute [-Wunused-result]
   40 |             hipEventElapsedTime(&__dace_ms_1_0_0, __dace_ev_b1_0_0, __dace_ev_e1_0_0);
      |             ^~~~~~~~~~~~~~~~~~~ ~~~~~~~~~~~~~~~~~~~~~~~~~~~~~~~~~~~~~~~~~~~~~~~~~~~~
/capstor/scratch/cscs/ybudanaz/LayoutArtifacts/SemiStructuredStencil/.dacecache/kernel_ed6d90b5e599e664f31705422e730136/src/cpu/kernel.cpp:47:13: warning: ignoring return value of function declared with 'nodiscard' attribute [-Wunused-result]
   47 |             hipEventDestroy(__dace_ev_b1_0_0);
      |             ^~~~~~~~~~~~~~~ ~~~~~~~~~~~~~~~~
/capstor/scratch/cscs/ybudanaz/LayoutArtifacts/SemiStructuredStencil/.dacecache/kernel_ed6d90b5e599e664f31705422e730136/src/cpu/kernel.cpp:48:13: warning: ignoring return value of function declared with 'nodiscard' attribute [-Wunused-result]
   48 |             hipEventDestroy(__dace_ev_e1_0_0);
      |             ^~~~~~~~~~~~~~~ ~~~~~~~~~~~~~~~~
8 warnings generated.
[ 40%] Building HIP object CMakeFiles/kernel.dir/capstor/scratch/cscs/ybudanaz/LayoutArtifacts/SemiStructuredStencil/.dacecache/kernel_ed6d90b5e599e664f31705422e730136/src/cuda/hip/kernel_cuda.cpp.o
In file included from /capstor/scratch/cscs/ybudanaz/LayoutArtifacts/SemiStructuredStencil/.dacecache/kernel_ed6d90b5e599e664f31705422e730136/src/cuda/hip/kernel_cuda.cpp:3:
In file included from /capstor/scratch/cscs/ybudanaz/dace/dace/codegen/../runtime/include/dace/dace.h:17:
/capstor/scratch/cscs/ybudanaz/dace/dace/codegen/../runtime/include/dace/math.h:19:14: fatal error: 'thrust/complex.h' file not found
   19 |     #include <thrust/complex.h>
      |              ^~~~~~~~~~~~~~~~~~
1 error generated when compiling for gfx942.
gmake[2]: *** [CMakeFiles/kernel.dir/build.make:89: CMakeFiles/kernel.dir/capstor/scratch/cscs/ybudanaz/LayoutArtifacts/SemiStructuredStencil/.dacecache/kernel_ed6d90b5e599e664f31705422e730136/src/cuda/hip/kernel_cuda.cpp.o] Error 1
gmake[1]: *** [CMakeFiles/Makefile2:85: CMakeFiles/kernel.dir/all] Error 2
gmake: *** [Makefile:91: all] Error 2

